FILE_TYPE=LIBRARY_PARTS;
PRIMITIVE 'A765KG106M1ELAE035','A765KG106M1ELAE035_Capacitor Al Electrolytic';
  PIN
    '+':
      PIN_NUMBER='(1)';
      NO_LOAD_CHECK=BOTH;
      NO_IO_CHECK=BOTH;
      ALLOW_CONNECT=TRUE;
      PINUSE='UNSPEC';
    '-':
      PIN_NUMBER='(2)';
      NO_LOAD_CHECK=BOTH;
      NO_IO_CHECK=BOTH;
      ALLOW_CONNECT=TRUE;
      PINUSE='UNSPEC';
  END_PIN;
  BODY
    PART_NAME='A765KG106M1ELAE035';
    PHYS_DES_PREFIX='C';
    NO_LOAD_CHECK='TRUE';
    PIN_COUNT='2';
    BODY_NAME='A765KG106M1ELAE035';
    JEDEC_TYPE='CAPAE830X730N';
  END_BODY;
END_PRIMITIVE;
END.
